
Gurobi 11.0.1 (linux64, gurobi_cl) logging started Wed Jan  1 00:01:40 2025

Set parameter Username
Set parameter LogFile to value "gurobi.log"
Using license file /home/matthias/gurobi.lic

Gurobi 12.0.0 (linux64, gurobi_cl) logging started Wed Jan  1 16:31:22 2025

Set parameter Username
Set parameter LogFile to value "gurobi.log"
Using license file /home/matthias/gurobi.lic

Gurobi 12.0.0 (linux64, gurobi_cl) logging started Wed Jan  1 16:33:32 2025

Set parameter Username
Set parameter LogFile to value "gurobi.log"
Using license file /home/matthias/gurobi.lic

Gurobi 12.0.0 (linux64, C++) logging started Wed Jan  1 17:54:07 2025

Set parameter Username
Set parameter LogFile to value "gurobi.log"

Gurobi 12.0.0 (linux64, C++) logging started Wed Jan  1 18:18:57 2025

Set parameter Username
Set parameter LogFile to value "gurobi.log"

Gurobi 12.0.0 (linux64, C++) logging started Wed Jan  1 18:21:51 2025

Set parameter Username
Set parameter LogFile to value "gurobi.log"

Gurobi 12.0.0 (linux64, C++) logging started Wed Jan  1 18:42:50 2025

Set parameter Username
Set parameter LogFile to value "gurobi.log"

Gurobi 12.0.0 (linux64, C++) logging started Wed Jan  1 18:43:16 2025

Set parameter Username
Set parameter LogFile to value "gurobi.log"

Gurobi 12.0.0 (linux64, C++) logging started Wed Jan  1 18:58:59 2025

Set parameter Username
Set parameter LogFile to value "gurobi.log"

Gurobi 12.0.0 (linux64, C++) logging started Wed Jan  1 18:59:18 2025

Set parameter Username
Set parameter LogFile to value "gurobi.log"

Gurobi 12.0.0 (linux64, C++) logging started Wed Jan  1 18:59:20 2025

Set parameter Username
Set parameter LogFile to value "gurobi.log"

Gurobi 12.0.0 (linux64, C++) logging started Wed Jan  1 18:59:24 2025

Set parameter Username
Set parameter LogFile to value "gurobi.log"

Gurobi 12.0.0 (linux64, C++) logging started Wed Jan  1 18:59:29 2025

Set parameter Username
Set parameter LogFile to value "gurobi.log"

Gurobi 12.0.0 (linux64, C++) logging started Wed Jan  1 18:59:30 2025

Set parameter Username
Set parameter LogFile to value "gurobi.log"

Gurobi 12.0.0 (linux64, C++) logging started Wed Jan  1 18:59:31 2025

Set parameter Username
Set parameter LogFile to value "gurobi.log"

Gurobi 12.0.0 (linux64, C++) logging started Wed Jan  1 18:59:36 2025

Set parameter Username
Set parameter LogFile to value "gurobi.log"

Gurobi 12.0.0 (linux64, C++) logging started Wed Jan  1 19:39:28 2025

Set parameter Username
Set parameter LogFile to value "gurobi.log"

Gurobi 12.0.0 (linux64, C++) logging started Wed Jan  1 21:51:35 2025

Set parameter Username
Set parameter LogFile to value "gurobi.log"

Gurobi 12.0.0 (linux64, C++) logging started Wed Jan  1 21:51:36 2025

Set parameter Username
Set parameter LogFile to value "gurobi.log"

Gurobi 12.0.0 (linux64, C++) logging started Wed Jan  1 21:51:38 2025

Set parameter Username
Set parameter LogFile to value "gurobi.log"

Gurobi 12.0.0 (linux64, C++) logging started Wed Jan  1 21:51:39 2025

Set parameter Username
Set parameter LogFile to value "gurobi.log"

Gurobi 12.0.0 (linux64, C++) logging started Wed Jan  1 21:51:41 2025

Set parameter Username
Set parameter LogFile to value "gurobi.log"

Gurobi 12.0.0 (linux64, C++) logging started Wed Jan  1 21:51:51 2025

Set parameter Username
Set parameter LogFile to value "gurobi.log"

Gurobi 12.0.0 (linux64, C++) logging started Wed Jan  1 21:51:53 2025

Set parameter Username
Set parameter LogFile to value "gurobi.log"

Gurobi 12.0.0 (linux64, C++) logging started Wed Jan  1 21:55:02 2025

Set parameter Username
Set parameter LogFile to value "gurobi.log"

Gurobi 12.0.0 (linux64, C++) logging started Wed Jan  1 21:58:30 2025

Set parameter Username
Set parameter LogFile to value "gurobi.log"

Gurobi 12.0.0 (linux64, C++) logging started Wed Jan  1 22:02:52 2025

Set parameter Username
Set parameter LogFile to value "gurobi.log"

Gurobi 12.0.0 (linux64, C++) logging started Wed Jan  1 22:02:54 2025

Set parameter Username
Set parameter LogFile to value "gurobi.log"

Gurobi 12.0.0 (linux64, C++) logging started Wed Jan  1 22:03:07 2025

Set parameter Username
Set parameter LogFile to value "gurobi.log"

Gurobi 12.0.0 (linux64, C++) logging started Wed Jan  1 22:04:17 2025

Set parameter Username
Set parameter LogFile to value "gurobi.log"

Gurobi 12.0.0 (linux64, C++) logging started Wed Jan  1 22:04:58 2025

Set parameter Username
Set parameter LogFile to value "gurobi.log"

Gurobi 12.0.0 (linux64, C++) logging started Wed Jan  1 22:06:30 2025

Set parameter Username
Set parameter LogFile to value "gurobi.log"

Gurobi 12.0.0 (linux64, C++) logging started Wed Jan  1 22:08:01 2025

Set parameter Username
Set parameter LogFile to value "gurobi.log"

Gurobi 12.0.0 (linux64, C++) logging started Wed Jan  1 22:16:09 2025

Set parameter Username
Set parameter LogFile to value "gurobi.log"

Gurobi 12.0.0 (linux64, C++) logging started Wed Jan  1 22:25:45 2025

Set parameter Username
Set parameter LogFile to value "gurobi.log"

Gurobi 12.0.0 (linux64, C++) logging started Wed Jan  1 22:26:38 2025

Set parameter Username
Set parameter LogFile to value "gurobi.log"

Gurobi 12.0.0 (linux64, C++) logging started Thu Jan  2 10:06:10 2025

Set parameter Username
Set parameter LogFile to value "gurobi.log"

Gurobi 12.0.0 (linux64, C++) logging started Thu Jan  2 15:03:18 2025

Set parameter Username
Set parameter LogFile to value "gurobi.log"

Gurobi 12.0.0 (linux64, C++) logging started Thu Jan  2 15:03:20 2025

Set parameter Username
Set parameter LogFile to value "gurobi.log"

Gurobi 12.0.0 (linux64, C++) logging started Thu Jan  2 15:03:22 2025

Set parameter Username
Set parameter LogFile to value "gurobi.log"

Gurobi 12.0.0 (linux64, C++) logging started Thu Jan  2 15:03:28 2025

Set parameter Username
Set parameter LogFile to value "gurobi.log"

Gurobi 12.0.0 (linux64, C++) logging started Thu Jan  2 15:03:29 2025

Set parameter Username
Set parameter LogFile to value "gurobi.log"

Gurobi 12.0.0 (linux64, C++) logging started Thu Jan  2 15:03:30 2025

Set parameter Username
Set parameter LogFile to value "gurobi.log"

Gurobi 12.0.0 (linux64, C++) logging started Thu Jan  2 15:03:53 2025

Set parameter Username
Set parameter LogFile to value "gurobi.log"

Gurobi 12.0.0 (linux64, C++) logging started Thu Jan  2 15:04:08 2025

Set parameter Username
Set parameter LogFile to value "gurobi.log"

Gurobi 12.0.0 (linux64, C++) logging started Thu Jan  2 15:04:09 2025

Set parameter Username
Set parameter LogFile to value "gurobi.log"

Gurobi 12.0.0 (linux64, C++) logging started Thu Jan  2 15:04:10 2025

Set parameter Username
Set parameter LogFile to value "gurobi.log"

Gurobi 12.0.0 (linux64, C++) logging started Thu Jan  2 15:04:11 2025

Set parameter Username
Set parameter LogFile to value "gurobi.log"

Gurobi 12.0.0 (linux64, C++) logging started Thu Jan  2 15:04:12 2025

Set parameter Username
Set parameter LogFile to value "gurobi.log"

Gurobi 12.0.0 (linux64, C++) logging started Thu Jan  2 23:07:35 2025

Set parameter Username
Set parameter LogFile to value "gurobi.log"

Gurobi 12.0.0 (linux64, C++) logging started Thu Jan  2 23:09:56 2025

Set parameter Username
Set parameter LogFile to value "gurobi.log"

Gurobi 12.0.0 (linux64, C++) logging started Thu Jan  2 23:19:32 2025

Set parameter Username
Set parameter LogFile to value "gurobi.log"

Gurobi 12.0.0 (linux64, C++) logging started Thu Jan  2 23:22:14 2025

Set parameter Username
Set parameter LogFile to value "gurobi.log"

Gurobi 12.0.0 (linux64, C++) logging started Thu Jan  2 23:23:17 2025

Set parameter Username
Set parameter LogFile to value "gurobi.log"

Gurobi 12.0.0 (linux64, C++) logging started Thu Jan  2 23:31:58 2025

Set parameter Username
Set parameter LogFile to value "gurobi.log"

Gurobi 12.0.0 (linux64, C++) logging started Thu Jan  2 23:32:24 2025

Set parameter Username
Set parameter LogFile to value "gurobi.log"

Gurobi 12.0.0 (linux64, C++) logging started Thu Jan  2 23:34:50 2025

Set parameter Username
Set parameter LogFile to value "gurobi.log"

Gurobi 12.0.0 (linux64, C++) logging started Thu Jan  2 23:48:50 2025

Set parameter Username
Set parameter LogFile to value "gurobi.log"

Gurobi 12.0.0 (linux64, C++) logging started Thu Jan  2 23:50:58 2025

Set parameter Username
Set parameter LogFile to value "gurobi.log"

Gurobi 12.0.0 (linux64, C++) logging started Thu Jan  2 23:53:45 2025

Set parameter Username
Set parameter LogFile to value "gurobi.log"

Gurobi 12.0.0 (linux64, C++) logging started Thu Jan  2 23:55:37 2025

Set parameter Username
Set parameter LogFile to value "gurobi.log"

Gurobi 12.0.0 (linux64, C++) logging started Thu Jan  2 23:58:22 2025

Set parameter Username
Set parameter LogFile to value "gurobi.log"

Gurobi 12.0.0 (linux64, C++) logging started Fri Jan  3 00:08:56 2025

Set parameter Username
Set parameter LogFile to value "gurobi.log"

Gurobi 12.0.0 (linux64, C++) logging started Fri Jan  3 00:09:23 2025

Set parameter Username
Set parameter LogFile to value "gurobi.log"

Gurobi 12.0.0 (linux64, C++) logging started Fri Jan  3 00:10:19 2025

Set parameter Username
Set parameter LogFile to value "gurobi.log"

Gurobi 12.0.0 (linux64, C++) logging started Fri Jan  3 00:11:18 2025

Set parameter Username
Set parameter LogFile to value "gurobi.log"

Gurobi 12.0.0 (linux64, C++) logging started Fri Jan  3 00:12:11 2025

Set parameter Username
Set parameter LogFile to value "gurobi.log"

Gurobi 12.0.0 (linux64, C++) logging started Fri Jan  3 00:12:24 2025

Set parameter Username
Set parameter LogFile to value "gurobi.log"

Gurobi 12.0.0 (linux64, C++) logging started Fri Jan  3 00:12:39 2025

Set parameter Username
Set parameter LogFile to value "gurobi.log"

Gurobi 12.0.0 (linux64, C++) logging started Fri Jan  3 00:16:27 2025

Set parameter Username
Set parameter LogFile to value "gurobi.log"

Gurobi 12.0.0 (linux64, C++) logging started Fri Jan  3 00:22:16 2025

Set parameter Username
Set parameter LogFile to value "gurobi.log"

Gurobi 12.0.0 (linux64, C++) logging started Fri Jan  3 00:22:45 2025

Set parameter Username
Set parameter LogFile to value "gurobi.log"

Gurobi 12.0.0 (linux64, C++) logging started Fri Jan  3 00:25:09 2025

Set parameter Username
Set parameter LogFile to value "gurobi.log"

Gurobi 12.0.0 (linux64, C++) logging started Fri Jan  3 00:35:29 2025

Set parameter Username
Set parameter LogFile to value "gurobi.log"

Gurobi 12.0.0 (linux64, C++) logging started Fri Jan  3 00:40:19 2025

Set parameter Username
Set parameter LogFile to value "gurobi.log"

Gurobi 12.0.0 (linux64, C++) logging started Fri Jan  3 00:41:19 2025

Set parameter Username
Set parameter LogFile to value "gurobi.log"

Gurobi 12.0.0 (linux64, C++) logging started Fri Jan  3 00:43:15 2025

Set parameter Username
Set parameter LogFile to value "gurobi.log"

Gurobi 12.0.0 (linux64, C++) logging started Fri Jan  3 00:44:12 2025

Set parameter Username
Set parameter LogFile to value "gurobi.log"

Gurobi 12.0.0 (linux64, C++) logging started Fri Jan  3 00:47:45 2025

Set parameter Username
Set parameter LogFile to value "gurobi.log"

Gurobi 12.0.0 (linux64, C++) logging started Fri Jan  3 00:48:23 2025

Set parameter Username
Set parameter LogFile to value "gurobi.log"

Gurobi 12.0.0 (linux64, C++) logging started Fri Jan  3 00:48:48 2025

Set parameter Username
Set parameter LogFile to value "gurobi.log"

Gurobi 12.0.0 (linux64, C++) logging started Fri Jan  3 00:49:49 2025

Set parameter Username
Set parameter LogFile to value "gurobi.log"

Gurobi 12.0.0 (linux64, C++) logging started Fri Jan  3 00:50:24 2025

Set parameter Username
Set parameter LogFile to value "gurobi.log"

Gurobi 12.0.0 (linux64, C++) logging started Fri Jan  3 00:51:24 2025

Set parameter Username
Set parameter LogFile to value "gurobi.log"

Gurobi 12.0.0 (linux64, C++) logging started Fri Jan  3 00:55:21 2025

Set parameter Username
Set parameter LogFile to value "gurobi.log"

Gurobi 12.0.0 (linux64, C++) logging started Fri Jan  3 00:56:54 2025

Set parameter Username
Set parameter LogFile to value "gurobi.log"

Gurobi 12.0.0 (linux64, C++) logging started Fri Jan  3 10:50:14 2025

Set parameter Username
Set parameter LogFile to value "gurobi.log"

Gurobi 12.0.0 (linux64, C++) logging started Fri Jan  3 10:58:37 2025

Set parameter Username
Set parameter LogFile to value "gurobi.log"

Gurobi 12.0.0 (linux64, C++) logging started Fri Jan  3 11:01:49 2025

Set parameter Username
Set parameter LogFile to value "gurobi.log"

Gurobi 12.0.0 (linux64, C++) logging started Fri Jan  3 11:02:11 2025

Set parameter Username
Set parameter LogFile to value "gurobi.log"

Gurobi 12.0.0 (linux64, C++) logging started Fri Jan  3 11:17:22 2025

Set parameter Username
Set parameter LogFile to value "gurobi.log"

Gurobi 12.0.0 (linux64, C++) logging started Fri Jan  3 11:20:28 2025

Set parameter Username
Set parameter LogFile to value "gurobi.log"

Gurobi 12.0.0 (linux64, C++) logging started Fri Jan  3 11:21:58 2025

Set parameter Username
Set parameter LogFile to value "gurobi.log"

Gurobi 12.0.0 (linux64, C++) logging started Fri Jan  3 11:22:35 2025

Set parameter Username
Set parameter LogFile to value "gurobi.log"

Gurobi 12.0.0 (linux64, C++) logging started Fri Jan  3 11:24:35 2025

Set parameter Username
Set parameter LogFile to value "gurobi.log"

Gurobi 12.0.0 (linux64, C++) logging started Fri Jan  3 11:25:11 2025

Set parameter Username
Set parameter LogFile to value "gurobi.log"

Gurobi 12.0.0 (linux64, C++) logging started Fri Jan  3 11:26:04 2025

Set parameter Username
Set parameter LogFile to value "gurobi.log"

Gurobi 12.0.0 (linux64, C++) logging started Fri Jan  3 16:00:20 2025

Set parameter Username
Set parameter LogFile to value "gurobi.log"

Gurobi 12.0.0 (linux64, C++) logging started Fri Jan  3 16:01:43 2025

Set parameter Username
Set parameter LogFile to value "gurobi.log"

Gurobi 12.0.0 (linux64, C++) logging started Fri Jan  3 16:40:22 2025

Set parameter Username
Set parameter LogFile to value "gurobi.log"

Gurobi 12.0.0 (linux64, C++) logging started Fri Jan  3 16:40:39 2025

Set parameter Username
Set parameter LogFile to value "gurobi.log"

Gurobi 12.0.0 (linux64, C++) logging started Fri Jan  3 16:42:21 2025

Set parameter Username
Set parameter LogFile to value "gurobi.log"

Gurobi 12.0.0 (linux64, C++) logging started Fri Jan  3 16:42:40 2025

Set parameter Username
Set parameter LogFile to value "gurobi.log"

Gurobi 12.0.0 (linux64, C++) logging started Fri Jan  3 16:43:07 2025

Set parameter Username
Set parameter LogFile to value "gurobi.log"

Gurobi 12.0.0 (linux64, C++) logging started Fri Jan  3 16:43:41 2025

Set parameter Username
Set parameter LogFile to value "gurobi.log"

Gurobi 12.0.0 (linux64, C++) logging started Fri Jan  3 16:47:19 2025

Set parameter Username
Set parameter LogFile to value "gurobi.log"

Gurobi 12.0.0 (linux64, C++) logging started Fri Jan  3 16:49:07 2025

Set parameter Username
Set parameter LogFile to value "gurobi.log"
