== Imported task 1 ==
* processing time: 1
* possible supports: 
  M1 with O{1,4,5,7}

== Imported task 2 ==
* processing time: 1
* possible supports: 
  M6 with O{1,2,3,5}

== Imported task 3 ==
* processing time: 1
* possible supports: 
  M4 with O{1,4,7}

== Imported task 4 ==
* processing time: 2
* possible supports: 
  M2 with O{1,2,4,5,7}
  M7 with O{2,4,5,7,8}

== Imported task 5 ==
* processing time: 1
* possible supports: 
  M2 with O{1,2,3,4,6,8}
  M6 with O{2,3,4,6}

== Imported task 6 ==
* processing time: 2
* possible supports: 
  M1 with O{1,2}
  M3 with O{2,8}

== Imported task 7 ==
* processing time: 1
* possible supports: 
  M5 with O{1,2,3,7,8}

== Imported task 8 ==
* processing time: 1
* possible supports: 
  M4 with O{2}
  M7 with O{2,6}

== Imported task 9 ==
* processing time: 1
* possible supports: 
  M6 with O{1,2,4,8}

== Imported task 10 ==
* processing time: 1
* possible supports: 
  M8 with O{3,5,8}

== Imported task 11 ==
* processing time: 2
* possible supports: 
  M1 with O{8}
  M3 with O{8}
  M4 with O{7,8}
  M7 with O{1,7,8}
  M8 with O{1,7,8}

== Imported task 12 ==
* processing time: 1
* possible supports: 
  M2 with O{2,3,4,7,8}
  M3 with O{2,3,4,5,7,8}
  M5 with O{2,3,4,5,7,8}
  M7 with O{2,7,8}

== Imported task 13 ==
* processing time: 1
* possible supports: 
  M3 with O{2,4,7}
  M6 with O{2,4,7,8}

== Imported task 14 ==
* processing time: 2
* possible supports: 
  M1 with O{2,6,8}
  M5 with O{5}
  M8 with O{2,6,8}

== Imported task 15 ==
* processing time: 2
* possible supports: 
  M1 with O{2,4,7,8}
  M7 with O{4,7,8}

== Imported task 16 ==
* processing time: 1
* possible supports: 
  M5 with O{2,3,5,6,7}

== Imported task 17 ==
* processing time: 2
* possible supports: 
  M2 with O{5}
  M6 with O{5,7}
  M7 with O{7}

== Imported task 18 ==
* processing time: 1
* possible supports: 
  M1 with O{2,3,5,6}
  M5 with O{2,3,5,6,7}

== Imported task 19 ==
* processing time: 1
* possible supports: 
  M1 with O{4,5,7}
  M2 with O{1,4,5,7}
  M6 with O{4,7,8}
  M8 with O{1,7,8}

== Imported task 20 ==
* processing time: 2
* possible supports: 
  M1 with O{6,7}

== Imported task 21 ==
* processing time: 2
* possible supports: 
  M3 with O{8}
  M4 with O{7}
  M6 with O{5,7}

== Imported task 22 ==
* processing time: 1
* possible supports: 
  M5 with O{4,7}
  M8 with O{3,4,5}

== Imported task 23 ==
* processing time: 1
* possible supports: 
  M3 with O{5}
  M5 with O{7}
  M8 with O{5,7}

== Imported task 24 ==
* processing time: 1
* possible supports: 
  M2 with O{2,6}
  M4 with O{2,4,7}

== Imported task 25 ==
* processing time: 1
* possible supports: 
  M5 with O{4,6,8}
  M7 with O{6,8}
  M8 with O{1,6,8}


== Imported job 1 ==
* release date: 2
* due date: 8
* weight: 6
* task sequence: 1->9->10->15->16->end

== Imported job 2 ==
* release date: 1
* due date: 10
* weight: 9
* task sequence: 2->8->14->18->20->22->24->end

== Imported job 3 ==
* release date: 6
* due date: 9
* weight: 3
* task sequence: 3->7->19->end

== Imported job 4 ==
* release date: 5
* due date: 19
* weight: 14
* task sequence: 4->6->11->12->13->17->21->23->25->end

== Imported job 5 ==
* release date: 9
* due date: 10
* weight: 1
* task sequence: 5->end

Stacking greedily tasks in time...
=== Processing job 0 ===
* Processing task 0
Set task 0 begin time: 2
Set task 0 end time: 3
* Processing task 8
Set task 8 begin time: 3
Set task 8 end time: 4
* Processing task 9
Set task 9 begin time: 4
Set task 9 end time: 5
* Processing task 14
Set task 14 begin time: 5
Set task 14 end time: 7
* Processing task 15
Set task 15 begin time: 7
Set task 15 end time: 8
Job 0 ** completion date: 8

=== Processing job 1 ===
* Processing task 1
Set task 1 begin time: 1
Set task 1 end time: 2
* Processing task 7
Set task 7 begin time: 2
Set task 7 end time: 3
* Processing task 13
Set task 13 begin time: 3
Set task 13 end time: 5
* Processing task 17
Set task 17 begin time: 5
Set task 17 end time: 6
* Processing task 19
Set task 19 begin time: 6
Set task 19 end time: 8
* Processing task 21
Set task 21 begin time: 8
Set task 21 end time: 9
* Processing task 23
Set task 23 begin time: 9
Set task 23 end time: 10
Job 1 ** completion date: 10

=== Processing job 2 ===
* Processing task 2
Set task 2 begin time: 6
Set task 2 end time: 7
* Processing task 6
Set task 6 begin time: 7
Set task 6 end time: 8
* Processing task 18
Set task 18 begin time: 8
Set task 18 end time: 9
Job 2 ** completion date: 9

=== Processing job 3 ===
* Processing task 3
Set task 3 begin time: 5
Set task 3 end time: 7
* Processing task 5
Set task 5 begin time: 7
Set task 5 end time: 9
* Processing task 10
Set task 10 begin time: 9
Set task 10 end time: 11
* Processing task 11
Set task 11 begin time: 11
Set task 11 end time: 12
* Processing task 12
Set task 12 begin time: 12
Set task 12 end time: 13
* Processing task 16
Set task 16 begin time: 13
Set task 16 end time: 15
* Processing task 20
Set task 20 begin time: 15
Set task 20 end time: 17
* Processing task 22
Set task 22 begin time: 17
Set task 22 end time: 18
* Processing task 24
Set task 24 begin time: 18
Set task 24 end time: 19
Job 3 ** completion date: 19

=== Processing job 4 ===
* Processing task 4
Set task 4 begin time: 9
Set task 4 end time: 10
Job 4 ** completion date: 10

Resolving lookahead on time window [0, 10]...
